<html>
<body>
<pre>
<h1>µVision Build Log</h1>
<h2>Tool Versions:</h2>
IDE-Version: ¦ÌVision V5.31.0.0
Copyright (C) 2020 ARM Ltd and ARM Germany GmbH. All rights reserved.
License Information: 1 1, 1, LIC=PE7DL-0T7BV-NNPAF-66DUZ-Y2SW4-HILSR
 
Tool Versions:
Toolchain:       MDK-ARM Plus  Version: 5.31.0.0
Toolchain Path:  F:\SoftWare\Keil_v5\ARM\ARMCC\Bin
C Compiler:      Armcc.exe V5.06 update 6 (build 750)
Assembler:       Armasm.exe V5.06 update 6 (build 750)
Linker/Locator:  ArmLink.exe V5.06 update 6 (build 750)
Library Manager: ArmAr.exe V5.06 update 6 (build 750)
Hex Converter:   FromElf.exe V5.06 update 6 (build 750)
CPU DLL:         SARMCM3.DLL V5.31.0.0
Dialog DLL:      DCM.DLL V1.17.3.0
Target DLL:      STLink\ST-LINKIII-KEIL_SWO.dll V3.0.7.0
Dialog DLL:      TCM.DLL V1.46.0.0
 
<h2>Project:</h2>
F:\work\Embed\project\stm32\h7mp3\z_project\h7mp3.uvprojx
Project File Date:  02/09/2021

<h2>Output:</h2>
*** Using Compiler 'V5.06 update 6 (build 750)', folder: 'F:\SoftWare\Keil_v5\ARM\ARMCC\Bin'
Build target 'art-pi'
compiling stm32h7xx_it.c...
compiling system_stm32h7xx.c...
compiling stm32h7xx_hal_msp.c...
compiling main.c...
..\main\main.c(30): warning:  #177-D: variable "ts"  was declared but never referenced
      uint32_t ts, te, t;
..\main\main.c(30): warning:  #177-D: variable "te"  was declared but never referenced
      uint32_t ts, te, t;
..\main\main.c(30): warning:  #177-D: variable "t"  was declared but never referenced
      uint32_t ts, te, t;
..\main\main.c(31): warning:  #177-D: variable "i"  was declared but never referenced
      uint32_t i = 0;
..\main\main.c: 4 warnings, 0 errors
compiling sys_conf.c...
compiling stm32h7xx_hal.c...
compiling stm32h7xx_hal_adc.c...
compiling stm32h7xx_hal_cec.c...
compiling stm32h7xx_hal_adc_ex.c...
compiling stm32h7xx_hal_cordic.c...
compiling stm32h7xx_hal_comp.c...
compiling stm32h7xx_hal_cortex.c...
compiling stm32h7xx_hal_crc_ex.c...
compiling stm32h7xx_hal_crc.c...
compiling stm32h7xx_hal_cryp.c...
compiling stm32h7xx_hal_cryp_ex.c...
compiling stm32h7xx_hal_dac.c...
compiling stm32h7xx_hal_dac_ex.c...
compiling stm32h7xx_hal_dcmi.c...
compiling stm32h7xx_hal_dfsdm_ex.c...
compiling stm32h7xx_hal_dfsdm.c...
compiling stm32h7xx_hal_dma_ex.c...
compiling stm32h7xx_hal_dma2d.c...
compiling stm32h7xx_hal_dma.c...
compiling stm32h7xx_hal_dsi.c...
compiling stm32h7xx_hal_dts.c...
compiling stm32h7xx_hal_eth.c...
compiling stm32h7xx_hal_eth_ex.c...
compiling stm32h7xx_hal_exti.c...
compiling stm32h7xx_hal_flash.c...
compiling stm32h7xx_hal_flash_ex.c...
compiling stm32h7xx_hal_fdcan.c...
compiling stm32h7xx_hal_fmac.c...
compiling stm32h7xx_hal_gfxmmu.c...
compiling stm32h7xx_hal_gpio.c...
compiling stm32h7xx_hal_hash.c...
compiling stm32h7xx_hal_hash_ex.c...
compiling stm32h7xx_hal_hcd.c...
compiling stm32h7xx_hal_hsem.c...
compiling stm32h7xx_hal_i2c_ex.c...
compiling stm32h7xx_hal_hrtim.c...
compiling stm32h7xx_hal_i2s_ex.c...
compiling stm32h7xx_hal_i2c.c...
compiling stm32h7xx_hal_i2s.c...
compiling stm32h7xx_hal_irda.c...
compiling stm32h7xx_hal_iwdg.c...
compiling stm32h7xx_hal_ltdc.c...
compiling stm32h7xx_hal_jpeg.c...
compiling stm32h7xx_hal_lptim.c...
compiling stm32h7xx_hal_ltdc_ex.c...
compiling stm32h7xx_hal_mdios.c...
compiling stm32h7xx_hal_mdma.c...
compiling stm32h7xx_hal_mmc_ex.c...
compiling stm32h7xx_hal_mmc.c...
compiling stm32h7xx_hal_nand.c...
compiling stm32h7xx_hal_nor.c...
compiling stm32h7xx_hal_opamp.c...
compiling stm32h7xx_hal_opamp_ex.c...
compiling stm32h7xx_hal_ospi.c...
compiling stm32h7xx_hal_otfdec.c...
compiling stm32h7xx_hal_pcd.c...
compiling stm32h7xx_hal_pcd_ex.c...
compiling stm32h7xx_hal_pssi.c...
compiling stm32h7xx_hal_pwr.c...
compiling stm32h7xx_hal_pwr_ex.c...
compiling stm32h7xx_hal_qspi.c...
compiling stm32h7xx_hal_ramecc.c...
compiling stm32h7xx_hal_rcc.c...
compiling stm32h7xx_hal_rng.c...
compiling stm32h7xx_hal_rcc_ex.c...
compiling stm32h7xx_hal_rng_ex.c...
compiling stm32h7xx_hal_rtc.c...
compiling stm32h7xx_hal_rtc_ex.c...
compiling stm32h7xx_hal_sai.c...
compiling stm32h7xx_hal_sai_ex.c...
compiling stm32h7xx_hal_sd_ex.c...
compiling stm32h7xx_hal_sdram.c...
compiling stm32h7xx_hal_sd.c...
compiling stm32h7xx_hal_smartcard.c...
compiling stm32h7xx_hal_smartcard_ex.c...
compiling stm32h7xx_hal_smbus.c...
compiling stm32h7xx_hal_spdifrx.c...
compiling stm32h7xx_hal_spi.c...
compiling stm32h7xx_hal_spi_ex.c...
compiling stm32h7xx_hal_sram.c...
compiling stm32h7xx_hal_swpmi.c...
compiling stm32h7xx_hal_tim_ex.c...
compiling stm32h7xx_hal_tim.c...
compiling stm32h7xx_hal_uart.c...
compiling stm32h7xx_hal_uart_ex.c...
compiling stm32h7xx_hal_usart.c...
compiling stm32h7xx_hal_usart_ex.c...
compiling stm32h7xx_hal_wwdg.c...
compiling stm32h7xx_ll_bdma.c...
compiling stm32h7xx_ll_adc.c...
compiling stm32h7xx_ll_comp.c...
compiling stm32h7xx_ll_cordic.c...
compiling stm32h7xx_ll_crc.c...
compiling stm32h7xx_ll_crs.c...
compiling stm32h7xx_ll_dac.c...
compiling stm32h7xx_ll_delayblock.c...
compiling stm32h7xx_ll_dma.c...
compiling stm32h7xx_ll_dma2d.c...
compiling stm32h7xx_ll_exti.c...
compiling stm32h7xx_ll_fmac.c...
compiling stm32h7xx_ll_gpio.c...
compiling stm32h7xx_ll_fmc.c...
compiling stm32h7xx_ll_hrtim.c...
compiling stm32h7xx_ll_i2c.c...
compiling stm32h7xx_ll_lptim.c...
compiling stm32h7xx_ll_lpuart.c...
compiling stm32h7xx_ll_pwr.c...
compiling stm32h7xx_ll_opamp.c...
compiling stm32h7xx_ll_mdma.c...
compiling stm32h7xx_ll_rng.c...
compiling stm32h7xx_ll_rtc.c...
compiling stm32h7xx_ll_rcc.c...
compiling stm32h7xx_ll_sdmmc.c...
compiling stm32h7xx_ll_spi.c...
compiling stm32h7xx_ll_swpmi.c...
compiling stm32h7xx_ll_usart.c...
compiling stm32h7xx_ll_tim.c...
compiling clock.c...
compiling stm32h7xx_ll_usb.c...
..\lib\STM32H7xx_HAL_Driver\Src\stm32h7xx_ll_usb.c(949): warning:  #3108-D: attribute "__packed__" does not apply here
        USBx_DFIFO((uint32_t)ch_ep_num) = __UNALIGNED_UINT32_READ(pSrc);
..\lib\STM32H7xx_HAL_Driver\Src\stm32h7xx_ll_usb.c(973): warning:  #3108-D: attribute "__packed__" does not apply here
      __UNALIGNED_UINT32_WRITE(pDest, USBx_DFIFO(0U));
..\lib\STM32H7xx_HAL_Driver\Src\stm32h7xx_ll_usb.c: 2 warnings, 0 errors
compiling components.c...
compiling cpu.c...
compiling device.c...
compiling idle.c...
compiling stm32h7xx_ll_utils.c...
compiling irq.c...
compiling mem.c...
compiling kservice.c...
compiling ipc.c...
compiling memheap.c...
compiling mempool.c...
compiling object.c...
compiling signal.c...
compiling scheduler.c...
compiling slab.c...
compiling backtrace.c...
compiling timer.c...
compiling thread.c...
compiling div0.c...
compiling showmem.c...
compiling cmd.c...
compiling cpuport.c...
compiling cpu_cache.c...
compiling msh.c...
compiling shell.c...
compiling msh_file.c...
compiling dfs.c...
compiling dfs_file.c...
compiling poll.c...
compiling dfs_fs.c...
compiling dfs_posix.c...
compiling select.c...
..\tp\rt-thread\components\dfs\include\dfs_select.h(19): warning:  #231-D: declaration is not visible outside of function
  int select(int nfds, fd_set *readfds, fd_set *writefds, fd_set *exceptfds, struct timeval *timeout);
..\tp\rt-thread\components\dfs\src\select.c: 1 warning, 0 errors
compiling dfs_elm.c...
compiling ffunicode.c...
compiling romfs.c...
compiling devfs.c...
compiling ff.c...
compiling drv_gpio.c...
compiling drv_common.c...
compiling pin.c...
compiling drv_usart.c...
compiling completion.c...
compiling serial.c...
compiling drv_pwm.c...
compiling dataqueue.c...
compiling pipe.c...
compiling ringblk_buf.c...
compiling waitqueue.c...
compiling ringbuffer.c...
compiling rt_drv_pwm.c...
compiling workqueue.c...
compiling board.c...
linking...
Program Size: Code=67938 RO-data=7558 RW-data=992 ZI-data=7272  
FromELF: creating hex file...
".\Objects\h7mp3.axf" - 0 Error(s), 7 Warning(s).

<h2>Software Packages used:</h2>

Package Vendor: Keil
                https://www.keil.com/pack/Keil.STM32H7xx_DFP.2.7.0.pack
                Keil.STM32H7xx_DFP.2.7.0
                STMicroelectronics STM32H7 Series Device Support and Examples

<h2>Collection of Component include folders:</h2>
  F:\SoftWare\Keil_v5\Arm\Packs\Keil\STM32H7xx_DFP\2.7.0\Drivers\CMSIS\Device\ST\STM32H7xx\Include

<h2>Collection of Component Files used:</h2>
Build Time Elapsed:  00:00:31
</pre>
</body>
</html>
